[www.techforcetfi.com/index.html]
[backblue.gif]
[fade.gif]
[index.html]
[www.techforcetfi.com/wp-json/oembed/1.0/embedfd91.json]
[www.techforcetfi.com/feed/index.html]
[www.techforcetfi.com/comments/feed/index.html]
[www.techforcetfi.com/wp-json/oembed/1.0/embed18f0]
[www.techforcetfi.com/wp-content/themes/hello-elementor/assets/css/reset08cb.css]
[www.techforcetfi.com/wp-content/themes/hello-elementor/assets/css/theme08cb.css]
[www.techforcetfi.com/wp-content/themes/hello-elementor/assets/css/header-footer08cb.css]
[www.techforcetfi.com/wp-content/plugins/elementor/assets/css/frontend.mineda1.css]
[www.techforcetfi.com/wp-content/uploads/elementor/css/post-6c585.css]
[www.techforcetfi.com/wp-content/uploads/elementor/css/post-7e303.css]
[www.techforcetfi.com/wp-content/uploads/elementor/css/base-desktopbe7b.css]
[www.techforcetfi.com/wp-content/uploads/elementor/css/post-12906b.css]
[www.techforcetfi.com/wp-content/uploads/elementor/css/post-15906b.css]
[www.techforcetfi.com/wp-content/plugins/breeze/assets/js/js-front-end/breeze-prefetch-links.min337d.js]
[www.techforcetfi.com/wp-includes/js/jquery/jquery.minf43b.js]
[www.techforcetfi.com/wp-includes/js/jquery/jquery-migrate.min5589.js]
[www.techforcetfi.com/wp-json/wp/v2/pages/7.json]
[www.techforcetfi.com/wp-json/index.html]
[www.techforcetfi.com/wp-content/uploads/2026/06/cropped-Techforce-Logo-Enhanced-32x32.png]
[www.techforcetfi.com/wp-content/uploads/2026/06/cropped-Techforce-Logo-Enhanced-192x192.png]
[www.techforcetfi.com/wp-content/uploads/2026/06/cropped-Techforce-Logo-Enhanced-180x180.png]
[www.techforcetfi.com/wp-content/uploads/2026/06/Techforce-Logo-Enhanced.png]
[www.techforcetfi.com/wp-content/uploads/2026/06/Tech-Hero-image.png]
[www.techforcetfi.com/about/index.html]
[www.techforcetfi.com/wp-content/uploads/2026/06/Tech-Working-2.png]
[www.techforcetfi.com/wp-content/uploads/2026/06/Hero-Image.png]
[www.techforcetfi.com/services/index.html]
[www.techforcetfi.com/wp-content/uploads/2026/06/Fusion-Splicer.png]
[www.techforcetfi.com/data-and-voice-cable-installation/index.html]
[www.techforcetfi.com/wp-content/uploads/2026/06/Security-Camera-Install.png]
[www.techforcetfi.com/wp-content/uploads/2026/06/Techforce-White.png]
[www.techforcetfi.com/wp-content/themes/hello-elementor/assets/js/hello-frontend08cb.js]
[www.techforcetfi.com/wp-content/plugins/elementor/assets/js/webpack.runtime.mineda1.js]
[www.techforcetfi.com/fiber-optics/index.html]
[www.techforcetfi.com/wp-content/plugins/elementor/assets/js/frontend-modules.mineda1.js]
[www.techforcetfi.com/wp-includes/js/jquery/ui/core.minb37e.js]
[www.techforcetfi.com/wp-content/plugins/elementor/assets/js/frontend.mineda1.js]
[www.techforcetfi.com/wp-content/plugins/elementor-pro/assets/js/webpack-pro.runtime.min8aee.js]
[www.techforcetfi.com/wp-includes/js/dist/hooks.min394d.js]
[www.techforcetfi.com/security-camera-installation/index.html]
[www.techforcetfi.com/wp-includes/js/dist/i18n.mineca5.js]
[www.techforcetfi.com/wp-content/plugins/elementor-pro/assets/js/frontend.min8aee.js]
[www.techforcetfi.com/index.html]
[www.techforcetfi.com/wp-content/themes/hello-elementor/assets/css/reset08cb.css]
[www.techforcetfi.com/wp-content/themes/hello-elementor/assets/css/theme08cb.css]
[www.techforcetfi.com/contact/index.html]
[www.techforcetfi.com/wp-content/themes/hello-elementor/assets/css/header-footer08cb.css]
[www.techforcetfi.com/wp-content/plugins/elementor/assets/css/frontend.mineda1.css]
[www.techforcetfi.com/wp-content/uploads/elementor/css/post-6c585.css]
[www.techforcetfi.com/wp-content/uploads/elementor/css/post-7e303.css]
[www.techforcetfi.com/wp-content/uploads/elementor/css/base-desktopbe7b.css]
[www.techforcetfi.com/wp-content/uploads/elementor/css/post-12906b.css]
[www.techforcetfi.com/wp-content/uploads/elementor/css/post-15906b.css]
[www.techforcetfi.com/wp-content/plugins/elementor-pro/assets/js/elements-handlers.min8aee.js]
[www.techforcetfi.com/privacy-policy/index.html]
[www.techforcetfi.com/sitemap/index.html]
[www.techforcetfi.com/wp-json/oembed/1.0/embed3be1.json]
[www.techforcetfi.com/wp-json/oembed/1.0/embed84bc]
[www.techforcetfi.com/wp-content/uploads/elementor/css/post-73c9b6.css]
[www.techforcetfi.com/wp-json/wp/v2/pages/73.json]
[www.techforcetfi.com/wp-content/uploads/2026/06/Tech-Working.png]
[www.techforcetfi.com/wp-content/uploads/2026/06/Cabling.png]
[www.techforcetfi.com/about/index.html]
[www.techforcetfi.com/wp-json/oembed/1.0/embed5373.json]
[www.techforcetfi.com/wp-json/oembed/1.0/embed6bb4]
[www.techforcetfi.com/wp-content/uploads/elementor/css/post-64b499.css]
[www.techforcetfi.com/services/index.html]
[www.techforcetfi.com/wp-json/wp/v2/pages/64.json]
[www.techforcetfi.com/data-voice-cable-installation/index.html]
[www.techforcetfi.com/security-integration-camera-systems/index.html]
[www.techforcetfi.com/wp-json/oembed/1.0/embed748c.json]
[www.techforcetfi.com/wp-json/oembed/1.0/embed044d]
[www.techforcetfi.com/wp-content/uploads/elementor/css/post-79c849.css]
[www.techforcetfi.com/wp-json/wp/v2/pages/79.json]
[www.techforcetfi.com/wp-content/uploads/elementor/css/post-332906b.css]
[www.techforcetfi.com/wp-content/plugins/elementor-pro/assets/css/widget-form.min8aee.css]
[www.google.com/recaptcha/apia0d9.js]
[www.techforcetfi.com/data-and-voice-cable-installation/index.html]
[www.techforcetfi.com/wp-json/oembed/1.0/embed02f4.json]
[www.techforcetfi.com/wp-json/oembed/1.0/embed89b5]
[www.techforcetfi.com/wp-content/uploads/elementor/css/post-84acac.css]
[www.techforcetfi.com/wp-json/wp/v2/pages/84.json]
[www.techforcetfi.com/wp-content/uploads/2026/06/Spools.png]
[www.techforcetfi.com/wp-content/uploads/2026/06/Organized-Cables.png]
[www.techforcetfi.com/fiber-optics/index.html]
[www.techforcetfi.com/wp-json/oembed/1.0/embedc20e.json]
[www.techforcetfi.com/wp-json/oembed/1.0/embedc622]
[www.techforcetfi.com/wp-content/uploads/elementor/css/post-89b4e9.css]
[www.techforcetfi.com/wp-json/wp/v2/pages/89.json]
[www.techforcetfi.com/wp-content/uploads/2026/06/Security-Camera-Installed-at-office.png]
[www.techforcetfi.com/wp-content/uploads/2026/06/Keypad-Access-Controls.png]
[www.techforcetfi.com/wp-content/uploads/2026/06/Security-Monitor.png]
[www.techforcetfi.com/security-camera-installation/index.html]
[www.techforcetfi.com/wp-json/oembed/1.0/embed6aaa.json]
[www.techforcetfi.com/wp-json/oembed/1.0/embedf6af]
[www.techforcetfi.com/wp-content/uploads/elementor/css/post-125c585.css]
[www.techforcetfi.com/contact/index.html]
[www.techforcetfi.com/privacy-policy/index.html]
[www.techforcetfi.com/sitemap/index.html]
[www.techforcetfi.com/wp-content/uploads/elementor/css/post-73c9b6.css]
[www.techforcetfi.com/index8cae.html]
[www.techforcetfi.com/wp-content/uploads/elementor/css/post-64b499.css]
[www.techforcetfi.com/index8cd4.html]
[www.techforcetfi.com/data-voice-cable-installation/index.html]
[www.techforcetfi.com/security-integration-camera-systems/index.html]
[www.techforcetfi.com/wp-content/uploads/elementor/css/post-79c849.css]
[www.techforcetfi.com/index6ffe.html]
[www.techforcetfi.com/wp-content/uploads/elementor/css/post-332906b.css]
[www.techforcetfi.com/wp-content/plugins/elementor-pro/assets/css/widget-form.min8aee.css]
[www.techforcetfi.com/wp-content/uploads/elementor/css/post-84acac.css]
[www.techforcetfi.com/index735a.html]
[www.techforcetfi.com/wp-content/uploads/elementor/css/post-89b4e9.css]
[www.techforcetfi.com/index3fbb.html]
[www.techforcetfi.com/wp-content/uploads/2026/06/Security-Monitor.html]
[www.techforcetfi.com/wp-content/uploads/elementor/css/post-125c585.css]
[www.techforcetfi.com/wp-json/wp/v2/pages/125.json]
[www.techforcetfi.com/index5070.html]
[www.techforcetfi.com/xmlrpc0db0.php]
